../Drivers/CMSIS/Include/core_cm4.h:2059:26:ITM_SendChar	16	static,ignoring_inline_asm
../Core/Src/main.c:47:5:_write	32	static
../Core/Src/main.c:87:5:main	16	static,ignoring_inline_asm
../Core/Src/main.c:170:6:you_lost_it	64	static
../Core/Src/main.c:221:6:new_lost_it	40	static
../Core/Src/main.c:298:6:LPTIM1_IRQHandler	8	static
../Core/Src/main.c:309:6:EXTI15_10_IRQHandler	8	static
../Core/Src/main.c:320:6:HAL_GPIO_EXTI_Callback	16	static
../Core/Src/main.c:328:6:check_clocks	24	static
../Core/Src/main.c:364:6:SystemClock_Config	96	static
../Core/Src/main.c:411:13:MX_SPI3_Init	8	static
../Core/Src/main.c:451:13:MX_GPIO_Init	48	static
../Core/Src/main.c:510:6:Error_Handler	4	static,ignoring_inline_asm
